// Jest Snapshot v1, https://goo.gl/fbAQLP

exports[`composer component: composer component should correspond to its snapshot composerpart 1`] = `
<section
  className="composer"
>
  <img />
  <form
    onSubmit={[Function]}
  >
    <textarea
      onChange={[Function]}
      onKeyPress={[Function]}
      placeholder=" What's on your mind, undefined?"
      value=""
    />
    <input
      type="submit"
      value="Post"
    />
  </form>
</section>
`;
